ssddssdfsdf
